// Jest Snapshot v1, https://goo.gl/fbAQLP

exports[`EmptyState component should render correctly 1`] = `
<div>
  <div
    class="flex flex-col md:flex-row items-center justify-center p-5 md:p-10"
  >
    <img
      alt="empty-search"
      class="h-20 md:mr-10"
      src="[object Object]"
    />
    <div>
      <p
        class="text-2xl mt-5 md:mt-0"
      >
        ¡Ups! No hay resultados para tu búsqueda.
      </p>
      <ul
        class="list-disc list-inside mt-3 md:mt-2 text-md font-thin"
      >
        <li
          class="mb-2 md:mb-0"
        >
          <b>
            Revisá la ortografía
          </b>
           de la palabra.
        </li>
        <li
          class="mb-2 md:mb-0"
        >
          Utilizá 
          <b>
            menos palabras
          </b>
           o 
          <b>
            más genéricas
          </b>
          .
        </li>
        <li
          class="mb-2 md:mb-0"
        >
          Revisá tu 
          <b>
            conexión a internet
          </b>
          .
        </li>
      </ul>
    </div>
  </div>
</div>
`;
