// Jest Snapshot v1, https://goo.gl/fbAQLP

exports[`ItemDetailSection component should render correctly 1`] = `
<div>
  <div
    class="detail-section"
  >
    <p
      class="title"
    >
      Descripci√≥n del producto
    </p>
    <p
      class="description"
    >
      lorem ipsum lorem ipsum lorem ipsum lorem
    </p>
  </div>
</div>
`;
