// Jest Snapshot v1, https://goo.gl/fbAQLP

exports[`ItemSaleDetails component should render correctly 1`] = `
<div>
  <div
    class="sale"
  >
    <img
      alt="product"
      class="product-img"
      src="https://picsum.photos/500"
    />
    <div
      class="details"
    >
      <div>
        <p
          class="hairline"
        >
          Nuevo | 5 vendidos
        </p>
        <p
          class="title"
        >
          iPhone 11
        </p>
        <p
          class="price"
        >
          $ 157.880,80
        </p>
      </div>
      <div
        class="flex flex-col items-center mb-8"
      >
        <button
          class="btn mt-4"
        >
          Comprar ahora
        </button>
        <button
          class="btn-ghost mt-4"
        >
          Agregar al carrito
        </button>
      </div>
    </div>
  </div>
</div>
`;
