// Jest Snapshot v1, https://goo.gl/fbAQLP

exports[`ResultItem component should render correctly 1`] = `
<div>
  <div
    class="item"
  >
    <img
      alt="product"
      class="img"
      src="https://picsum.photos/500"
    />
    <div
      class="main"
    >
      <p
        class="condition"
      >
        Nuevo
      </p>
      <p
        class="title"
      >
        iPhone 11
      </p>
      <p
        class="price"
      >
        $ 179.499,99
      </p>
      <p
        class="tag"
      >
        Env√≠o gratis
      </p>
    </div>
  </div>
</div>
`;
