// Jest Snapshot v1, https://goo.gl/fbAQLP

exports[`ResultsList component should render correctly 1`] = `
<div>
  <div
    class="flex flex-wrap items-center mb-3 lg:mb-5"
  >
    <p
      class="font-thin text-sm lg:text-base"
    >
      Apple
    </p>
    <img
      alt="arrow-icon"
      class="h-3 mx-2 last:hidden"
      src="[object Object]"
    />
    <p
      class="font-thin text-sm lg:text-base"
    >
      iPhone
    </p>
    <img
      alt="arrow-icon"
      class="h-3 mx-2 last:hidden"
      src="[object Object]"
    />
  </div>
  <div
    class="results-list"
  >
    <div
      class="item"
    >
      <img
        alt="product"
        class="img"
        src="https://picsum.photos/90"
      />
      <div
        class="main"
      >
        <p
          class="condition"
        >
          Nuevo
        </p>
        <p
          class="title"
        >
          iPhone 11 Pro 0
        </p>
        <p
          class="price"
        >
          $ 34.140,20
        </p>
        <p
          class="tag"
        >
          Envío gratis
        </p>
      </div>
    </div>
    <div
      class="item"
    >
      <img
        alt="product"
        class="img"
        src="https://picsum.photos/90"
      />
      <div
        class="main"
      >
        <p
          class="condition"
        >
          Nuevo
        </p>
        <p
          class="title"
        >
          iPhone 11 Pro 1
        </p>
        <p
          class="price"
        >
          $ 34.141,21
        </p>
        <p
          class="tag"
        >
          Envío gratis
        </p>
      </div>
    </div>
    <div
      class="item"
    >
      <img
        alt="product"
        class="img"
        src="https://picsum.photos/90"
      />
      <div
        class="main"
      >
        <p
          class="condition"
        >
          Nuevo
        </p>
        <p
          class="title"
        >
          iPhone 11 Pro 2
        </p>
        <p
          class="price"
        >
          $ 34.142,22
        </p>
        <p
          class="tag"
        >
          Envío gratis
        </p>
      </div>
    </div>
    <div
      class="item"
    >
      <img
        alt="product"
        class="img"
        src="https://picsum.photos/90"
      />
      <div
        class="main"
      >
        <p
          class="condition"
        >
          Nuevo
        </p>
        <p
          class="title"
        >
          iPhone 11 Pro 3
        </p>
        <p
          class="price"
        >
          $ 34.143,23
        </p>
        <p
          class="tag"
        >
          Envío gratis
        </p>
      </div>
    </div>
  </div>
</div>
`;
